Testing Chatbot Navigation Intents...
Q: "I want to sell tomatoes"
A: "Navigating to Add Product page..."
Action: {"type":"navigate","payload":"/add-product"}
---
Q: "Show me the dashboard"
A: "Taking you to the Dashboard..."
Action: {"type":"navigate","payload":"/dashboard"}
---
Q: "Check mandi prices"
A: "Here is the Marketplace..."
Action: {"type":"navigate","payload":"/marketplace"}
---
Q: "where is live prices"
A: "Here is the Marketplace..."
Action: {"type":"navigate","payload":"/marketplace"}
---
Q: "Go to my orders"
A: "Opening your orders..."
Action: {"type":"navigate","payload":"/my-orders"}
---
Q: "where is orders tab"
A: "Opening your orders..."
Action: {"type":"navigate","payload":"/my-orders"}
---
Q: "What is the weather in Pune?"
A: "The current weather in Pune, Maharashtra is sunny with a temperature of 24.7┬░C. The humidity is relatively low at 33%, and there is a gentle breeze with a wind speed of 10.1 kph. Overall, it's a pleasant day in Pune, making it ideal for outdoor activities, especially for farmers to tend to their crops."
Action: None
---
